2026-08-17 09:51:28.585 [info] Reading sessions from keychain...
2026-08-17 09:51:28.585 [info] Getting sessions for all scopes...
2026-08-17 09:51:28.585 [info] Got 0 sessions for ...
2026-08-17 09:51:28.585 [info] Getting sessions for all scopes...
2026-08-17 09:51:28.585 [info] Got 0 sessions for ...
2026-08-17 09:51:28.585 [info] Getting sessions for all scopes...
2026-08-17 09:51:28.585 [info] Got 0 sessions for ...
2026-08-17 09:51:28.585 [info] Getting sessions for all scopes...
2026-08-17 09:51:28.585 [info] Got 0 sessions for ...
2026-08-17 09:51:29.225 [info] Getting sessions for all scopes...
2026-08-17 09:51:29.225 [info] Got 0 sessions for ...
2026-08-17 09:51:29.890 [info] Getting sessions for read:user,repo,user:email,workflow...
2026-08-17 09:51:29.890 [info] Got 0 sessions for read:user,repo,user:email,workflow...
2026-08-17 09:51:34.740 [info] Getting sessions for read:user,repo,user:email,workflow...
2026-08-17 09:51:34.740 [info] Got 0 sessions for read:user,repo,user:email,workflow...
2026-08-17 09:51:53.483 [info] Getting sessions for read:user,repo,user:email,workflow...
2026-08-17 09:51:53.484 [info] Got 0 sessions for read:user,repo,user:email,workflow...
2026-08-17 09:51:55.718 [info] Logging in with 'any' account...
2026-08-17 09:51:55.718 [info] Logging in for the following scopes: read:user repo user:email workflow
2026-08-17 09:51:55.986 [info] Trying device code flow... (read:user repo user:email workflow)
2026-08-17 09:54:19.224 [error] User Cancelled
2026-08-17 09:54:20.941 [info] Trying to retrieve PAT... (read:user repo user:email workflow)
2026-08-17 09:54:39.194 [error] User Cancelled
2026-08-17 09:54:48.549 [info] Getting sessions for read:user,repo,user:email,workflow...
2026-08-17 09:54:48.549 [info] Got 0 sessions for read:user,repo,user:email,workflow...
2026-08-17 09:54:49.873 [info] Logging in with 'any' account...
2026-08-17 09:54:49.873 [info] Logging in for the following scopes: read:user repo user:email workflow
2026-08-17 09:54:49.909 [info] Trying device code flow... (read:user repo user:email workflow)
2026-08-17 09:55:08.600 [error] User Cancelled
2026-08-17 09:55:10.659 [info] Trying to retrieve PAT... (read:user repo user:email workflow)
2026-08-17 09:55:32.870 [info] Getting token scopes...
2026-08-17 09:55:33.282 [info] Getting user info...
2026-08-17 09:55:33.691 [info] Got account info!
2026-08-17 09:55:33.692 [info] Storing 1 sessions...
2026-08-17 09:55:33.725 [info] Reading sessions from keychain...
2026-08-17 09:55:33.725 [info] Stored 1 sessions!
2026-08-17 09:55:33.726 [info] Login success!
2026-08-17 09:55:33.763 [info] Got stored sessions!
2026-08-17 09:55:33.763 [info] Got 1 verified sessions.
2026-08-17 09:55:33.915 [info] Getting sessions for read:user,repo,user:email,workflow...
2026-08-17 09:55:33.917 [info] Got 1 sessions for read:user,repo,user:email,workflow...
2026-08-17 09:55:33.917 [info] Getting sessions for all scopes...
2026-08-17 09:55:33.917 [info] Got 1 sessions for ...
2026-08-17 09:55:33.950 [info] Getting sessions for all scopes...
2026-08-17 09:55:33.951 [info] Got 1 sessions for ...
2026-08-17 09:56:04.935 [info] Getting sessions for all scopes...
2026-08-17 09:56:04.936 [info] Got 1 sessions for ...
2026-08-17 09:56:05.143 [info] Getting sessions for all scopes...
2026-08-17 09:56:05.143 [info] Got 1 sessions for ...
2026-08-17 09:56:12.682 [info] Getting sessions for read:user,repo,user:email,workflow...
2026-08-17 09:56:12.682 [info] Got 1 sessions for read:user,repo,user:email,workflow...
2026-08-17 09:56:25.727 [info] Getting sessions for read:user,repo,user:email,workflow...
2026-08-17 09:56:25.728 [info] Got 1 sessions for read:user,repo,user:email,workflow...
2026-08-17 09:57:07.213 [info] Getting sessions for all scopes...
2026-08-17 09:57:07.213 [info] Got 1 sessions for ...
2026-08-17 09:57:07.274 [info] Getting sessions for all scopes...
2026-08-17 09:57:07.274 [info] Got 1 sessions for ...
2026-08-17 09:58:09.607 [info] Getting sessions for all scopes...
2026-08-17 09:58:09.607 [info] Got 1 sessions for ...
2026-08-17 09:58:09.639 [info] Getting sessions for all scopes...
2026-08-17 09:58:09.639 [info] Got 1 sessions for ...
2026-08-17 09:58:11.883 [info] Getting sessions for read:user,repo,user:email,workflow...
2026-08-17 09:58:11.883 [info] Got 1 sessions for read:user,repo,user:email,workflow...
2026-08-17 10:01:28.639 [info] Getting sessions for all scopes...
2026-08-17 10:01:28.639 [info] Got 1 sessions for ...
2026-08-17 10:01:28.691 [info] Getting sessions for all scopes...
2026-08-17 10:01:28.692 [info] Got 1 sessions for ...
2026-08-17 10:01:28.924 [info] Getting sessions for all scopes...
2026-08-17 10:01:28.924 [info] Got 1 sessions for ...
2026-08-17 10:01:29.003 [info] Getting sessions for all scopes...
2026-08-17 10:01:29.003 [info] Got 1 sessions for ...
2026-08-17 10:01:35.016 [info] Getting sessions for all scopes...
2026-08-17 10:01:35.016 [info] Got 1 sessions for ...
2026-08-17 10:01:35.050 [info] Getting sessions for all scopes...
2026-08-17 10:01:35.050 [info] Got 1 sessions for ...
2026-08-17 10:01:50.069 [info] Getting sessions for all scopes...
2026-08-17 10:01:50.069 [info] Got 1 sessions for ...
2026-08-17 10:01:50.104 [info] Getting sessions for all scopes...
2026-08-17 10:01:50.104 [info] Got 1 sessions for ...
2026-08-17 10:02:09.550 [info] Getting sessions for all scopes...
2026-08-17 10:02:09.550 [info] Got 1 sessions for ...
2026-08-17 10:02:09.583 [info] Getting sessions for all scopes...
2026-08-17 10:02:09.583 [info] Got 1 sessions for ...
2026-08-17 10:02:35.334 [info] Getting sessions for all scopes...
2026-08-17 10:02:35.334 [info] Got 1 sessions for ...
2026-08-17 10:02:35.377 [info] Getting sessions for all scopes...
2026-08-17 10:02:35.378 [info] Got 1 sessions for ...
2026-08-17 10:02:53.076 [info] Getting sessions for all scopes...
2026-08-17 10:02:53.076 [info] Got 1 sessions for ...
2026-08-17 10:02:53.213 [info] Getting sessions for all scopes...
2026-08-17 10:02:53.213 [info] Got 1 sessions for ...
2026-08-17 10:03:12.971 [info] Getting sessions for all scopes...
2026-08-17 10:03:12.971 [info] Got 1 sessions for ...
2026-08-17 10:03:13.026 [info] Getting sessions for all scopes...
2026-08-17 10:03:13.027 [info] Got 1 sessions for ...
2026-08-17 10:03:20.729 [info] Getting sessions for all scopes...
2026-08-17 10:03:20.729 [info] Got 1 sessions for ...
2026-08-17 10:03:20.770 [info] Getting sessions for all scopes...
2026-08-17 10:03:20.770 [info] Got 1 sessions for ...
