Initializing document watcher...
Document watcher initialized
zizoozaa01/app.py: {"tabSize":4,"indentSize":4,"insertSpaces":true,"cursorStyle":1,"lineNumbers":1}
zizoozaa01/app.py: Using EditorConfig core...
app.py: Target charset is not set
zizoozaa01/Dockerfile: {}
zizoozaa01/Dockerfile: {"tabSize":4,"indentSize":4,"insertSpaces":true,"cursorStyle":1,"lineNumbers":1}
zizoozaa01/Dockerfile: Using EditorConfig core...
Dockerfile: Target charset is not set
zizoozaa01/Dockerfile: {"tabSize":4,"indentSize":4,"insertSpaces":true,"cursorStyle":1,"lineNumbers":1}
zizoozaa01/app.py: {"tabSize":4,"indentSize":4,"insertSpaces":true,"cursorStyle":1,"lineNumbers":1}
zizoozaa01/app.py: Using EditorConfig core...
app.py: Target charset is not set
zizoozaa01/app.py: {"tabSize":4,"indentSize":4,"insertSpaces":true,"cursorStyle":1,"lineNumbers":1}
zizoozaa01/app.py: {"tabSize":4,"indentSize":4,"insertSpaces":true,"cursorStyle":1,"lineNumbers":1}
zizoozaa01/app.py: {"tabSize":4,"indentSize":4,"insertSpaces":true,"cursorStyle":1,"lineNumbers":1}
zizoozaa01/app.py: {"tabSize":4,"indentSize":4,"insertSpaces":true,"cursorStyle":1,"lineNumbers":1}
zizoozaa01/app.py: {"tabSize":4,"indentSize":4,"insertSpaces":true,"cursorStyle":1,"lineNumbers":1}
zizoozaa01/app.py: Using EditorConfig core...
zizoozaa01/app.py: Using EditorConfig core...
app.py: Target charset is not set
zizoozaa01/app.py: Using EditorConfig core...
zizoozaa01/app.py: Using EditorConfig core...
app.py: Target charset is not set
zizoozaa01/app.py: {"tabSize":4,"indentSize":4,"insertSpaces":true,"cursorStyle":1,"lineNumbers":1}
zizoozaa01/app.py: {"tabSize":4,"indentSize":4,"insertSpaces":true,"cursorStyle":1,"lineNumbers":1}
zizoozaa01/app.py: Using EditorConfig core...
zizoozaa01/app.py: Using EditorConfig core...
zizoozaa01/app.py: Using EditorConfig core...
app.py: Target charset is not set
zizoozaa01/app.py: Using EditorConfig core...
app.py: Target charset is not set
zizoozaa01/app.py: Using EditorConfig core...
zizoozaa01/app.py: Using EditorConfig core...
app.py: Target charset is not set
zizoozaa01/app.py: Using EditorConfig core...
zizoozaa01/app.py: Using EditorConfig core...
app.py: Target charset is not set
zizoozaa01/app.py: Using EditorConfig core...
zizoozaa01/app.py: Using EditorConfig core...
app.py: Target charset is not set
zizoozaa01/app.py: {"tabSize":4,"indentSize":4,"insertSpaces":true,"cursorStyle":1,"lineNumbers":1}
zizoozaa01/Dockerfile: {"tabSize":4,"indentSize":4,"insertSpaces":true,"cursorStyle":1,"lineNumbers":1}
zizoozaa01/Dockerfile: Using EditorConfig core...
Dockerfile: Target charset is not set
zizoozaa01/README-cloudshell.txt: {"tabSize":4,"indentSize":4,"insertSpaces":true,"cursorStyle":1,"lineNumbers":1}
zizoozaa01/README-cloudshell.txt: Using EditorConfig core...
README-cloudshell.txt: Target charset is not set
zizoozaa01/requirements.txt: {"tabSize":4,"indentSize":4,"insertSpaces":true,"cursorStyle":1,"lineNumbers":1}
zizoozaa01/requirements.txt: Using EditorConfig core...
requirements.txt: Target charset is not set
zizoozaa01/requirements.txt: Using EditorConfig core...
zizoozaa01/requirements.txt: Using EditorConfig core...
requirements.txt: Target charset is not set
zizoozaa01/requirements.txt: {"tabSize":4,"indentSize":4,"insertSpaces":true,"cursorStyle":1,"lineNumbers":1}
zizoozaa01/app.py: {"tabSize":4,"indentSize":4,"insertSpaces":true,"cursorStyle":1,"lineNumbers":1}
zizoozaa01/app.py: Using EditorConfig core...
app.py: Target charset is not set
zizoozaa01/app.py: {"tabSize":4,"indentSize":4,"insertSpaces":true,"cursorStyle":1,"lineNumbers":1}
zizoozaa01/app.py: {"tabSize":4,"indentSize":4,"insertSpaces":true,"cursorStyle":1,"lineNumbers":1}
zizoozaa01/Dockerfile: {"tabSize":4,"indentSize":4,"insertSpaces":true,"cursorStyle":1,"lineNumbers":1}
zizoozaa01/Dockerfile: Using EditorConfig core...
Dockerfile: Target charset is not set
zizoozaa01/Dockerfile: {"tabSize":4,"indentSize":4,"insertSpaces":true,"cursorStyle":1,"lineNumbers":1}
zizoozaa01/requirements.txt: {"tabSize":4,"indentSize":4,"insertSpaces":true,"cursorStyle":1,"lineNumbers":1}
zizoozaa01/requirements.txt: Using EditorConfig core...
requirements.txt: Target charset is not set
zizoozaa01/requirements.txt: {"tabSize":4,"indentSize":4,"insertSpaces":true,"cursorStyle":1,"lineNumbers":1}
zizoozaa01/app.py: {"tabSize":4,"indentSize":4,"insertSpaces":true,"cursorStyle":1,"lineNumbers":1}
zizoozaa01/app.py: Using EditorConfig core...
app.py: Target charset is not set
zizoozaa01/app.py: {"tabSize":4,"indentSize":4,"insertSpaces":true,"cursorStyle":1,"lineNumbers":1}
zizoozaa01/app.py: {"tabSize":4,"indentSize":4,"insertSpaces":true,"cursorStyle":1,"lineNumbers":1}
zizoozaa01/app.py: {"tabSize":4,"indentSize":4,"insertSpaces":true,"cursorStyle":1,"lineNumbers":1}
zizoozaa01/app.py: {"tabSize":4,"indentSize":4,"insertSpaces":true,"cursorStyle":1,"lineNumbers":1}
zizoozaa01/app.py: {"tabSize":4,"indentSize":4,"insertSpaces":true,"cursorStyle":1,"lineNumbers":1}
zizoozaa01/app.py: {"tabSize":4,"indentSize":4,"insertSpaces":true,"cursorStyle":1,"lineNumbers":1}
zizoozaa01/app.py: Using EditorConfig core...
zizoozaa01/app.py: Using EditorConfig core...
app.py: Target charset is not set
zizoozaa01/app.py: {"tabSize":4,"indentSize":4,"insertSpaces":true,"cursorStyle":1,"lineNumbers":1}
zizoozaa01/app.py: {"tabSize":4,"indentSize":4,"insertSpaces":true,"cursorStyle":1,"lineNumbers":1}
zizoozaa01/app.py: {"tabSize":4,"indentSize":4,"insertSpaces":true,"cursorStyle":1,"lineNumbers":1}
zizoozaa01/app.py: Using EditorConfig core...
zizoozaa01/app.py: Using EditorConfig core...
app.py: Target charset is not set
zizoozaa01/app.py: {"tabSize":4,"indentSize":4,"insertSpaces":true,"cursorStyle":1,"lineNumbers":1}
zizoozaa01/app.py: {"tabSize":4,"indentSize":4,"insertSpaces":true,"cursorStyle":1,"lineNumbers":1}
zizoozaa01/app.py: {"tabSize":4,"indentSize":4,"insertSpaces":true,"cursorStyle":1,"lineNumbers":1}
zizoozaa01/app.py: {"tabSize":4,"indentSize":4,"insertSpaces":true,"cursorStyle":1,"lineNumbers":1}
zizoozaa01/app.py: {"tabSize":4,"indentSize":4,"insertSpaces":true,"cursorStyle":1,"lineNumbers":1}
