2026-08-17 08:51:02.296 [warning] Dir "/home/zizoozaa01/.pixi/envs" is not watchable (directory does not exist)
2026-08-17 08:51:04.519 [info] Skipping ActivatedEnv Detection:  process.env.VSCODE_CLI !== '1'
2026-08-17 08:51:05.520 [info] Running installed packages checker:  {
  id: '/bin/python',
  sysPrefix: '/usr',
  envType: 'Global',
  envName: '',
  envPath: '',
  path: '/bin/python',
  architecture: 3,
  sysVersion: '3.12.3 (main, Jun 19 2026, 12:46:00) [GCC 13.3.0]',
  version: {
    raw: '3.12.3',
    major: 3,
    minor: 12,
    patch: 3,
    build: [],
    prerelease: [ 'final', '0' ]
  },
  displayName: 'Python 3.12.3 64-bit',
  detailedDisplayName: 'Python 3.12.3 64-bit',
  type: undefined
} /google/devshell/editor/code-oss-for-cloud-shell/extensions/ms-python.python/python_files/installed_check.py /home/zizoozaa01/requirements.txt
2026-08-17 08:51:05.521 [info] > /bin/python /google/devshell/editor/code-oss-for-cloud-shell/extensions/ms-python.python/python_files/installed_check.py ./requirements.txt
2026-08-17 08:51:08.858 [info] Python interpreter path: /bin/python
2026-08-17 08:51:08.900 [info] > conda info --json
2026-08-17 08:51:10.371 [info] > pyenv which python
2026-08-17 08:51:10.371 [info] cwd: .
2026-08-17 08:51:26.484 [info] Starting Jedi language server for zizoozaa01.
2026-08-17 08:53:50.804 [info] Running installed packages checker:  {
  id: '/bin/python',
  sysPrefix: '/usr',
  envType: 'Global',
  envName: '',
  envPath: '',
  path: '/bin/python',
  architecture: 3,
  sysVersion: '3.12.3 (main, Jun 19 2026, 12:46:00) [GCC 13.3.0]',
  version: {
    raw: '3.12.3',
    major: 3,
    minor: 12,
    patch: 3,
    build: [],
    prerelease: [ 'final', '0' ]
  },
  displayName: 'Python 3.12.3 64-bit',
  detailedDisplayName: 'Python 3.12.3 64-bit',
  type: undefined
} /google/devshell/editor/code-oss-for-cloud-shell/extensions/ms-python.python/python_files/installed_check.py /home/zizoozaa01/requirements.txt
2026-08-17 08:53:50.804 [info] > /bin/python /google/devshell/editor/code-oss-for-cloud-shell/extensions/ms-python.python/python_files/installed_check.py ./requirements.txt
