Initializing document watcher...
Document watcher initialized
/home/zizoozaa01/app.py: {"tabSize":4,"indentSize":4,"insertSpaces":true,"cursorStyle":1,"lineNumbers":1}
/home/zizoozaa01/app.py: Using EditorConfig core...
app.py: Target charset is not set
/home/zizoozaa01/app.py: {"tabSize":4,"indentSize":4,"insertSpaces":true,"cursorStyle":1,"lineNumbers":1}
/home/zizoozaa01/app.py: {"tabSize":4,"indentSize":4,"insertSpaces":true,"cursorStyle":1,"lineNumbers":1}
/home/zizoozaa01/app.py: {"tabSize":4,"indentSize":4,"insertSpaces":true,"cursorStyle":1,"lineNumbers":1}
/home/zizoozaa01/app.py: {"tabSize":4,"indentSize":4,"insertSpaces":true,"cursorStyle":1,"lineNumbers":1}
/home/zizoozaa01/app.py: {"tabSize":4,"indentSize":4,"insertSpaces":true,"cursorStyle":1,"lineNumbers":1}
zizoozaa01/.git/COMMIT_EDITMSG: {"tabSize":4,"indentSize":4,"insertSpaces":true,"cursorStyle":1,"lineNumbers":1}
zizoozaa01/.git/COMMIT_EDITMSG: Using EditorConfig core...
.git/COMMIT_EDITMSG: Target charset is not set
zizoozaa01/.git/COMMIT_EDITMSG: {"tabSize":4,"indentSize":4,"insertSpaces":true,"cursorStyle":1,"lineNumbers":1}
/home/zizoozaa01/app.py: {"tabSize":4,"indentSize":4,"insertSpaces":true,"cursorStyle":1,"lineNumbers":1}
/home/zizoozaa01/app.py: Using EditorConfig core...
app.py: Target charset is not set
/home/zizoozaa01/app.py: {"tabSize":4,"indentSize":4,"insertSpaces":true,"cursorStyle":1,"lineNumbers":1}
zizoozaa01/.git/COMMIT_EDITMSG: {"tabSize":4,"indentSize":4,"insertSpaces":true,"cursorStyle":1,"lineNumbers":1}
zizoozaa01/.git/COMMIT_EDITMSG: Using EditorConfig core...
.git/COMMIT_EDITMSG: Target charset is not set
/home/zizoozaa01/app.py: {"tabSize":4,"indentSize":4,"insertSpaces":true,"cursorStyle":1,"lineNumbers":1}
/home/zizoozaa01/app.py: Using EditorConfig core...
app.py: Target charset is not set
/home/zizoozaa01/app.py: {"tabSize":4,"indentSize":4,"insertSpaces":true,"cursorStyle":1,"lineNumbers":1}
/git-error-1786960575659: {"tabSize":4,"indentSize":4,"insertSpaces":true,"cursorStyle":1,"lineNumbers":1}
/git-error-1786960575659: Using EditorConfig core...
/git-error-1786960575659: Target charset is not set
vscode.git.Git.log: {"tabSize":4,"indentSize":4,"insertSpaces":true,"cursorStyle":1,"lineNumbers":0}
vscode.git.Git.log: Using EditorConfig core...
vscode.git.Git.log: Target charset is not set
vscode.git.Git.log: {"tabSize":4,"indentSize":4,"insertSpaces":true,"cursorStyle":1,"lineNumbers":0}
zizoozaa01/.git/COMMIT_EDITMSG: {"tabSize":4,"indentSize":4,"insertSpaces":true,"cursorStyle":1,"lineNumbers":1}
zizoozaa01/.git/COMMIT_EDITMSG: Using EditorConfig core...
.git/COMMIT_EDITMSG: Target charset is not set
/git-error-1786960575659: {"tabSize":4,"indentSize":4,"insertSpaces":true,"cursorStyle":1,"lineNumbers":1}
/git-error-1786960575659: Using EditorConfig core...
/git-error-1786960575659: Target charset is not set
zizoozaa01/.git/COMMIT_EDITMSG: {"tabSize":4,"indentSize":4,"insertSpaces":true,"cursorStyle":1,"lineNumbers":1}
zizoozaa01/.git/COMMIT_EDITMSG: Using EditorConfig core...
.git/COMMIT_EDITMSG: Target charset is not set
/git-error-1786960575659: {"tabSize":4,"indentSize":4,"insertSpaces":true,"cursorStyle":1,"lineNumbers":1}
/git-error-1786960575659: Using EditorConfig core...
/git-error-1786960575659: Target charset is not set
zizoozaa01/.git/COMMIT_EDITMSG: {"tabSize":4,"indentSize":4,"insertSpaces":true,"cursorStyle":1,"lineNumbers":1}
zizoozaa01/.git/COMMIT_EDITMSG: Using EditorConfig core...
.git/COMMIT_EDITMSG: Target charset is not set
/git-error-1786960575659: {"tabSize":4,"indentSize":4,"insertSpaces":true,"cursorStyle":1,"lineNumbers":1}
/git-error-1786960575659: Using EditorConfig core...
/git-error-1786960575659: Target charset is not set
zizoozaa01/.git/COMMIT_EDITMSG: {"tabSize":4,"indentSize":4,"insertSpaces":true,"cursorStyle":1,"lineNumbers":1}
zizoozaa01/.git/COMMIT_EDITMSG: Using EditorConfig core...
.git/COMMIT_EDITMSG: Target charset is not set
/git-error-1786960575659: {"tabSize":4,"indentSize":4,"insertSpaces":true,"cursorStyle":1,"lineNumbers":1}
/git-error-1786960575659: Using EditorConfig core...
/git-error-1786960575659: Target charset is not set
zizoozaa01/.git/COMMIT_EDITMSG: {"tabSize":4,"indentSize":4,"insertSpaces":true,"cursorStyle":1,"lineNumbers":1}
zizoozaa01/.git/COMMIT_EDITMSG: Using EditorConfig core...
.git/COMMIT_EDITMSG: Target charset is not set
/git-error-1786960575659: {"tabSize":4,"indentSize":4,"insertSpaces":true,"cursorStyle":1,"lineNumbers":1}
/git-error-1786960575659: Using EditorConfig core...
/git-error-1786960575659: Target charset is not set
/git-error-1786960575659: {"tabSize":4,"indentSize":4,"insertSpaces":true,"cursorStyle":1,"lineNumbers":1}
zizoozaa01/.git/COMMIT_EDITMSG: {"tabSize":4,"indentSize":4,"insertSpaces":true,"cursorStyle":1,"lineNumbers":1}
zizoozaa01/.git/COMMIT_EDITMSG: Using EditorConfig core...
.git/COMMIT_EDITMSG: Target charset is not set
/git-error-1786960575659: {"tabSize":4,"indentSize":4,"insertSpaces":true,"cursorStyle":1,"lineNumbers":1}
/git-error-1786960575659: Using EditorConfig core...
/git-error-1786960575659: Target charset is not set
/User/settings.json: Using EditorConfig core...
/User/settings.json: Using EditorConfig core...
/User/settings.json: Target charset is not set
/git-error-1786960575659: {"tabSize":4,"indentSize":4,"insertSpaces":true,"cursorStyle":1,"lineNumbers":1}
/git-error-1786960575659: {"tabSize":4,"indentSize":4,"insertSpaces":true,"cursorStyle":1,"lineNumbers":1}
/git-error-1786960575659: {"tabSize":4,"indentSize":4,"insertSpaces":true,"cursorStyle":1,"lineNumbers":1}
zizoozaa01/requirements.txt: {"tabSize":4,"indentSize":4,"insertSpaces":true,"cursorStyle":1,"lineNumbers":1}
zizoozaa01/requirements.txt: Using EditorConfig core...
requirements.txt: Target charset is not set
zizoozaa01/requirements.txt: Using EditorConfig core...
zizoozaa01/requirements.txt: Using EditorConfig core...
requirements.txt: Target charset is not set
zizoozaa01/requirements.txt: {"tabSize":4,"indentSize":4,"insertSpaces":true,"cursorStyle":1,"lineNumbers":1}
zizoozaa01/app.py: {"tabSize":4,"indentSize":4,"insertSpaces":true,"cursorStyle":1,"lineNumbers":1}
zizoozaa01/app.py: Using EditorConfig core...
app.py: Target charset is not set
zizoozaa01/Dockerfile: {"tabSize":4,"indentSize":4,"insertSpaces":true,"cursorStyle":1,"lineNumbers":1}
zizoozaa01/Dockerfile: Using EditorConfig core...
Dockerfile: Target charset is not set
zizoozaa01/README-cloudshell.txt: {"tabSize":4,"indentSize":4,"insertSpaces":true,"cursorStyle":1,"lineNumbers":1}
zizoozaa01/README-cloudshell.txt: Using EditorConfig core...
README-cloudshell.txt: Target charset is not set
zizoozaa01/requirements.txt: {"tabSize":4,"indentSize":4,"insertSpaces":true,"cursorStyle":1,"lineNumbers":1}
zizoozaa01/requirements.txt: Using EditorConfig core...
requirements.txt: Target charset is not set
zizoozaa01/Dockerfile: {"tabSize":4,"indentSize":4,"insertSpaces":true,"cursorStyle":1,"lineNumbers":1}
zizoozaa01/Dockerfile: Using EditorConfig core...
Dockerfile: Target charset is not set
zizoozaa01/app.py: {"tabSize":4,"indentSize":4,"insertSpaces":true,"cursorStyle":1,"lineNumbers":1}
zizoozaa01/app.py: Using EditorConfig core...
app.py: Target charset is not set
zizoozaa01/app.py: {"tabSize":4,"indentSize":4,"insertSpaces":true,"cursorStyle":1,"lineNumbers":1}
zizoozaa01/app.py: {"tabSize":4,"indentSize":4,"insertSpaces":true,"cursorStyle":1,"lineNumbers":1}
zizoozaa01/app.py: {"tabSize":4,"indentSize":4,"insertSpaces":true,"cursorStyle":1,"lineNumbers":1}
zizoozaa01/Dockerfile: {"tabSize":4,"indentSize":4,"insertSpaces":true,"cursorStyle":1,"lineNumbers":1}
zizoozaa01/Dockerfile: Using EditorConfig core...
Dockerfile: Target charset is not set
zizoozaa01/Dockerfile: {"tabSize":4,"indentSize":4,"insertSpaces":true,"cursorStyle":1,"lineNumbers":1}
zizoozaa01/Dockerfile: Using EditorConfig core...
zizoozaa01/Dockerfile: Using EditorConfig core...
Dockerfile: Target charset is not set
zizoozaa01/app.py: {"tabSize":4,"indentSize":4,"insertSpaces":true,"cursorStyle":1,"lineNumbers":1}
zizoozaa01/app.py: Using EditorConfig core...
app.py: Target charset is not set
zizoozaa01/app.py: {"tabSize":4,"indentSize":4,"insertSpaces":true,"cursorStyle":1,"lineNumbers":1}
zizoozaa01/Dockerfile: {"tabSize":4,"indentSize":4,"insertSpaces":true,"cursorStyle":1,"lineNumbers":1}
zizoozaa01/Dockerfile: Using EditorConfig core...
Dockerfile: Target charset is not set
zizoozaa01/Dockerfile: {"tabSize":4,"indentSize":4,"insertSpaces":true,"cursorStyle":1,"lineNumbers":1}
zizoozaa01/Dockerfile: Using EditorConfig core...
zizoozaa01/Dockerfile: Using EditorConfig core...
Dockerfile: Target charset is not set
zizoozaa01/README-cloudshell.txt: {"tabSize":4,"indentSize":4,"insertSpaces":true,"cursorStyle":1,"lineNumbers":1}
zizoozaa01/README-cloudshell.txt: Using EditorConfig core...
README-cloudshell.txt: Target charset is not set
zizoozaa01/app.py: {"tabSize":4,"indentSize":4,"insertSpaces":true,"cursorStyle":1,"lineNumbers":1}
zizoozaa01/app.py: Using EditorConfig core...
app.py: Target charset is not set
zizoozaa01/requirements.txt: {"tabSize":4,"indentSize":4,"insertSpaces":true,"cursorStyle":1,"lineNumbers":1}
zizoozaa01/requirements.txt: Using EditorConfig core...
requirements.txt: Target charset is not set
zizoozaa01/Dockerfile: {"tabSize":4,"indentSize":4,"insertSpaces":true,"cursorStyle":1,"lineNumbers":1}
zizoozaa01/Dockerfile: Using EditorConfig core...
Dockerfile: Target charset is not set
zizoozaa01/README-cloudshell.txt: {"tabSize":4,"indentSize":4,"insertSpaces":true,"cursorStyle":1,"lineNumbers":1}
zizoozaa01/README-cloudshell.txt: Using EditorConfig core...
README-cloudshell.txt: Target charset is not set
